<!DOCTYPE html PUBLIC "-//W3C//DTD XHTML 1.0 Transitional//EN" "http://www.w3.org/TR/xhtml1/DTD/xhtml1-transitional.dtd">
<html xmlns="http://www.w3.org/1999/xhtml">
<head>
    <meta http-equiv="Content-Type" content="text/html; charset=utf-8" />
    <meta http-equiv="Expires" content="86400" />
    <meta name="viewport" content="width=device-width, height=device-height" />
    <title>TileButton.js</title>
    <script src="http://ajax.aspnetcdn.com/ajax/jQuery/jquery-1.7.2.min.js" type="text/javascript"></script>
    <script src="../Resources/Scripts/KLibrary-vsdoc.js" type="text/javascript"></script>
    <link href="../Resources/Styles/TileButton.expected.css" rel="stylesheet" type="text/css" />
    <script src="../Resources/Scripts/TileButton.expected.js" type="text/javascript"></script>
    <link href="../Resources/Styles/TileButton-TestPage.css" rel="stylesheet" type="text/css" />
</head>
<body>
    <h1 class="accent-fore-color accent-border-color">TileButton.js</h1>
    <h4 class="clear">背景色</h4>
    <div class="clear">
        <button class="tile-body-color" title="Black" style="background-color: #444444;" data-fore-color="#F0F0F0" data-back-color="#101010"></button>
        <button class="tile-body-color" title="White" style="background-color: #BBBBBB;" data-fore-color="#101010" data-back-color="#F0F0F0"></button>
    </div>
    <h4 class="clear">アクセント カラー</h4>
    <div class="clear">
        <button class="tile-accent-color" title="Magenta" style="background-color: #FF1AA1;"></button>
        <button class="tile-accent-color" title="Purple" style="background-color: #AB1AFF;"></button>
        <button class="tile-accent-color" title="Teal" style="background-color: #00ABA9;"></button>
        <button class="tile-accent-color" title="Lime" style="background-color: #85B524;"></button>
        <button class="tile-accent-color" title="Brown" style="background-color: #A05000;"></button>
        <button class="tile-accent-color" title="Pink" style="background-color: #E671B8;"></button>
        <button class="tile-accent-color" title="Orange" style="background-color: #E48F09;"></button>
        <button class="tile-accent-color" title="Blue" style="background-color: #1BA1E2;"></button>
        <button class="tile-accent-color" title="Red" style="background-color: #E6200D;"></button>
        <button class="tile-accent-color" title="Green" style="background-color: #339933;"></button>
    </div>
    <br class="clear" />
    <h3 class="accent-border-color">テキスト ボタン (test)</h3>
    <div class="clear">
        <div class="tile-text">div (text)</div>
    </div>
    <div class="clear"><a href="#" class="tile-text">a (link)</a></div>
    <div class="clear">
        <button class="tile-text">button</button>
    </div>
    <div class="clear">
        <input type="button" class="tile-text" value="input button" />
    </div>
    <div class="clear">
        <input type="submit" class="tile-text" value="input submit" />
    </div>
    <div class="clear tile-text-test">
        <div class="tile-text">テキスト</div>
        <a href="#" class="tile-text">リンク</a>
        <button class="tile-text">Button</button>
        <input type="button" class="tile-text" value="ボタン" />
        <input type="submit" class="tile-text" value="投稿" />
        <div id="TextClickedCount" class="literal">0</div>
    </div>
    <br class="clear" />
    <h3 class="accent-border-color">画像ボタン (test)</h3>
    <div class="clear">
        <img class="tile-image" src="http://storage.saka-pon.net/Contents/Images/Dark/back.png" alt="img" title="img" />
    </div>
    <div class="clear"><a href="#">
        <img class="tile-image" src="http://storage.saka-pon.net/Contents/Images/Dark/refresh.png" alt="a img" title="a img" />
    </a></div>
    <div class="clear">
        <input type="image" class="tile-image" src="http://storage.saka-pon.net/Contents/Images/Dark/search.png" alt="input image" title="input image" />
    </div>
    <div class="clear tile-image-test">
        <img class="tile-image" src="http://storage.saka-pon.net/Contents/Images/Dark/back.png" alt="画像" title="画像" />
        <a href="#">
            <img class="tile-image" src="http://storage.saka-pon.net/Contents/Images/Dark/refresh.png" alt="画像リンク" title="画像リンク" />
        </a>
        <input type="image" class="tile-image" src="http://storage.saka-pon.net/Contents/Images/Dark/search.png" alt="ボタン" title="ボタン" />
        <div id="ImageClickedCount" class="literal">0</div>
    </div>
    <br class="clear" />
    <h3>disabled (test)</h3>
    <div class="clear">
        <input id="DisableSwitch" type="button" class="tile-text" value="有効/無効" />
    </div>
    <br class="clear" />
    <h3>ボタンの追加 (test)</h3>
    <div class="clear">
        <input id="AddButton" type="image" class="tile-image" src="http://storage.saka-pon.net/Contents/Images/Dark/add.png" alt="追加" title="追加" />
    </div>
    <br class="clear" />
    <h3>Busy Indicator (test)</h3>
    <div class="clear">
        <input id="LoadingSwitch" type="button" class="tile-text" value="Load/Stop" />
        <div class="busy-roll"></div>
    </div>
    <div class="clear" style="height: 16px;">
        <div class="busy-line"></div>
    </div>
    <div style="height: 80px;"></div>
    <script type="text/javascript">
        //<![CDATA[
        $(function () {
            $(document).tileButton({ bodyForeColor: "#101010", bodyBackColor: "#F0F0F0" });

            var isButtonEnabled = true;
            $("#DisableSwitch").click(function () {
                isButtonEnabled = !isButtonEnabled;
                // .prop("disabled", !isButtonEnabled) も OK です。
                $(".tile-text-test .tile-text, .tile-image-test .tile-image").setIsEnabled(isButtonEnabled);
            });

            $("#AddButton").click(function () {
                $('<input type="button" class="tile-text" value="Added" />').insertAfter(this);
            });

            var isLoading = false;
            $("#LoadingSwitch").click(function () {
                isLoading = !isLoading;
                if (isLoading) {
                    $(".busy-line, .busy-roll").show();
                } else {
                    $(".busy-line, .busy-roll").hide();
                }
            });

            var textClickedCount = 0;
            $(".tile-text-test .tile-text").click(function () {
                textClickedCount++;
                $("#TextClickedCount").text(textClickedCount.toString());
            });

            var imageClickedCount = 0;
            $(".tile-image-test .tile-image").click(function () {
                imageClickedCount++;
                $("#ImageClickedCount").text(imageClickedCount.toString());
            });
        });
        //]]>
    </script>
</body>
</html>
